// Jest Snapshot v1, https://goo.gl/fbAQLP

exports[`frontend/components/button component renders correctly 1`] = `
<button
  className="button class"
  disabled={false}
  onClick={[Function]}
>
  text
  <div>
    Children
  </div>
</button>
`;
