// Jest Snapshot v1, https://goo.gl/fbAQLP

exports[`frontend/components/terrain/ocean component renders correctly 1`] = `
<div
  className="ocean-container"
>
  <div>
    Children
  </div>
</div>
`;
