// Jest Snapshot v1, https://goo.gl/fbAQLP

exports[`frontend/components/terrain/terrainFactory/movePath component renders correctly 1`] = `
<div
  className="movePath NORTH_END"
/>
`;
